2026-04-30T16:25:57.982377+00:00 INFO 'ansible_navigator.setup_logger' New ansible-navigator instance, logging initialized
2026-04-30T16:25:57.982524+00:00 INFO 'ansible_navigator.setup_logger' New ansible-runner instance, logging initialized
2026-04-30T16:25:57.982555+00:00 DEBUG 'ansible_navigator.main' Jinja2==3.1.6 
2026-04-30T16:25:57.982572+00:00 DEBUG 'ansible_navigator.main' MarkupSafe==3.0.3 
2026-04-30T16:25:57.982583+00:00 DEBUG 'ansible_navigator.main' Parsley==1.3 
2026-04-30T16:25:57.982593+00:00 DEBUG 'ansible_navigator.main' PyYAML==6.0.3 
2026-04-30T16:25:57.982600+00:00 DEBUG 'ansible_navigator.main' Pygments==2.20.0 
2026-04-30T16:25:57.982608+00:00 DEBUG 'ansible_navigator.main' ansible-builder==3.1.1 
2026-04-30T16:25:57.982614+00:00 DEBUG 'ansible_navigator.main' ansible-compat==26.3.0 
2026-04-30T16:25:57.982621+00:00 DEBUG 'ansible_navigator.main' ansible-core==2.20.5 
2026-04-30T16:25:57.982627+00:00 DEBUG 'ansible_navigator.main' ansible-creator==26.4.3 
2026-04-30T16:25:57.982634+00:00 DEBUG 'ansible_navigator.main' ansible-dev-environment==26.4.0 
2026-04-30T16:25:57.982640+00:00 DEBUG 'ansible_navigator.main' ansible-dev-tools==26.4.6 
2026-04-30T16:25:57.982647+00:00 DEBUG 'ansible_navigator.main' ansible-lint==26.4.0 
2026-04-30T16:25:57.982653+00:00 DEBUG 'ansible_navigator.main' ansible-navigator==26.4.0 
2026-04-30T16:25:57.982659+00:00 DEBUG 'ansible_navigator.main' ansible-runner==2.4.3 
2026-04-30T16:25:57.982665+00:00 DEBUG 'ansible_navigator.main' ansible-sign==0.1.5 
2026-04-30T16:25:57.982671+00:00 DEBUG 'ansible_navigator.main' attrs==26.1.0 /usr/local/python-packages/ansible-dev-tools/lib/python3.13/site-packages/attrs/__init__.py
2026-04-30T16:25:57.982678+00:00 DEBUG 'ansible_navigator.main' bindep==2.14.0 /usr/local/python-packages/ansible-dev-tools/lib/python3.13/site-packages/bindep/__init__.py
2026-04-30T16:25:57.982684+00:00 DEBUG 'ansible_navigator.main' black==26.3.1 /usr/local/python-packages/ansible-dev-tools/lib/python3.13/site-packages/black/__init__.cpython-313-x86_64-linux-gnu.so
2026-04-30T16:25:57.982691+00:00 DEBUG 'ansible_navigator.main' bracex==2.6 /usr/local/python-packages/ansible-dev-tools/lib/python3.13/site-packages/bracex/__init__.py
2026-04-30T16:25:57.982697+00:00 DEBUG 'ansible_navigator.main' cachetools==7.0.6 /usr/local/python-packages/ansible-dev-tools/lib/python3.13/site-packages/cachetools/__init__.py
2026-04-30T16:25:57.982703+00:00 DEBUG 'ansible_navigator.main' cffi==2.0.0 /usr/local/python-packages/ansible-dev-tools/lib/python3.13/site-packages/cffi/__init__.py
2026-04-30T16:25:57.982710+00:00 DEBUG 'ansible_navigator.main' chardet==5.2.0 /usr/local/python-packages/ansible-dev-tools/lib/python3.13/site-packages/chardet/__init__.py
2026-04-30T16:25:57.982716+00:00 DEBUG 'ansible_navigator.main' click-help-colors==0.9.4 
2026-04-30T16:25:57.982723+00:00 DEBUG 'ansible_navigator.main' click==8.3.3 /usr/local/python-packages/ansible-dev-tools/lib/python3.13/site-packages/click/__init__.py
2026-04-30T16:25:57.982729+00:00 DEBUG 'ansible_navigator.main' colorama==0.4.6 /usr/local/python-packages/ansible-dev-tools/lib/python3.13/site-packages/colorama/__init__.py
2026-04-30T16:25:57.982736+00:00 DEBUG 'ansible_navigator.main' cryptography==47.0.0 /usr/local/python-packages/ansible-dev-tools/lib/python3.13/site-packages/cryptography/__init__.py
2026-04-30T16:25:57.982743+00:00 DEBUG 'ansible_navigator.main' distlib==0.4.0 /usr/local/python-packages/ansible-dev-tools/lib/python3.13/site-packages/distlib/__init__.py
2026-04-30T16:25:57.982750+00:00 DEBUG 'ansible_navigator.main' distro==1.9.0 /usr/local/python-packages/ansible-dev-tools/lib/python3.13/site-packages/distro/__init__.py
2026-04-30T16:25:57.982757+00:00 DEBUG 'ansible_navigator.main' enrich==1.2.7 /usr/local/python-packages/ansible-dev-tools/lib/python3.13/site-packages/enrich/__init__.py
2026-04-30T16:25:57.982764+00:00 DEBUG 'ansible_navigator.main' execnet==2.1.2 /usr/local/python-packages/ansible-dev-tools/lib/python3.13/site-packages/execnet/__init__.py
2026-04-30T16:25:57.982770+00:00 DEBUG 'ansible_navigator.main' filelock==3.29.0 /usr/local/python-packages/ansible-dev-tools/lib/python3.13/site-packages/filelock/__init__.py
2026-04-30T16:25:57.982780+00:00 DEBUG 'ansible_navigator.main' iniconfig==2.3.0 /usr/local/python-packages/ansible-dev-tools/lib/python3.13/site-packages/iniconfig/__init__.py
2026-04-30T16:25:57.982786+00:00 DEBUG 'ansible_navigator.main' jsonschema-specifications==2025.9.1 
2026-04-30T16:25:57.982793+00:00 DEBUG 'ansible_navigator.main' jsonschema==4.26.0 /usr/local/python-packages/ansible-dev-tools/lib/python3.13/site-packages/jsonschema/__init__.py
2026-04-30T16:25:57.982799+00:00 DEBUG 'ansible_navigator.main' lockfile==0.12.2 /usr/local/python-packages/ansible-dev-tools/lib/python3.13/site-packages/lockfile/__init__.py
2026-04-30T16:25:57.982806+00:00 DEBUG 'ansible_navigator.main' markdown-it-py==4.0.0 
2026-04-30T16:25:57.982812+00:00 DEBUG 'ansible_navigator.main' mdurl==0.1.2 /usr/local/python-packages/ansible-dev-tools/lib/python3.13/site-packages/mdurl/__init__.py
2026-04-30T16:25:57.982819+00:00 DEBUG 'ansible_navigator.main' molecule==26.4.0 /usr/local/python-packages/ansible-dev-tools/lib/python3.13/site-packages/molecule/__init__.py
2026-04-30T16:25:57.982825+00:00 DEBUG 'ansible_navigator.main' mypy_extensions==1.1.0 /usr/local/python-packages/ansible-dev-tools/lib/python3.13/site-packages/mypy_extensions.py
2026-04-30T16:25:57.982831+00:00 DEBUG 'ansible_navigator.main' onigurumacffi==1.5.0 /usr/local/python-packages/ansible-dev-tools/lib/python3.13/site-packages/onigurumacffi.py
2026-04-30T16:25:57.982837+00:00 DEBUG 'ansible_navigator.main' packaging==26.2 /usr/local/python-packages/ansible-dev-tools/lib/python3.13/site-packages/packaging/__init__.py
2026-04-30T16:25:57.982843+00:00 DEBUG 'ansible_navigator.main' pathspec==1.0.4 /usr/local/python-packages/ansible-dev-tools/lib/python3.13/site-packages/pathspec/__init__.py
2026-04-30T16:25:57.982850+00:00 DEBUG 'ansible_navigator.main' pbr==7.0.3 /usr/local/python-packages/ansible-dev-tools/lib/python3.13/site-packages/pbr/__init__.py
2026-04-30T16:25:57.982856+00:00 DEBUG 'ansible_navigator.main' pexpect==4.9.0 /usr/local/python-packages/ansible-dev-tools/lib/python3.13/site-packages/pexpect/__init__.py
2026-04-30T16:25:57.982862+00:00 DEBUG 'ansible_navigator.main' pip==25.1.1 /usr/local/python-packages/ansible-dev-tools/lib/python3.13/site-packages/pip/__init__.py
2026-04-30T16:25:57.982868+00:00 DEBUG 'ansible_navigator.main' platformdirs==4.9.6 /usr/local/python-packages/ansible-dev-tools/lib/python3.13/site-packages/platformdirs/__init__.py
2026-04-30T16:25:57.982875+00:00 DEBUG 'ansible_navigator.main' pluggy==1.6.0 /usr/local/python-packages/ansible-dev-tools/lib/python3.13/site-packages/pluggy/__init__.py
2026-04-30T16:25:57.982881+00:00 DEBUG 'ansible_navigator.main' ptyprocess==0.7.0 /usr/local/python-packages/ansible-dev-tools/lib/python3.13/site-packages/ptyprocess/__init__.py
2026-04-30T16:25:57.982887+00:00 DEBUG 'ansible_navigator.main' pycparser==3.0 /usr/local/python-packages/ansible-dev-tools/lib/python3.13/site-packages/pycparser/__init__.py
2026-04-30T16:25:57.982893+00:00 DEBUG 'ansible_navigator.main' pyproject-api==1.10.0 
2026-04-30T16:25:57.982900+00:00 DEBUG 'ansible_navigator.main' pytest-ansible==26.4.0 
2026-04-30T16:25:57.982906+00:00 DEBUG 'ansible_navigator.main' pytest-plus==0.8.1 
2026-04-30T16:25:57.982913+00:00 DEBUG 'ansible_navigator.main' pytest-sugar==1.1.1 
2026-04-30T16:25:57.982920+00:00 DEBUG 'ansible_navigator.main' pytest-xdist==3.8.0 
2026-04-30T16:25:57.982926+00:00 DEBUG 'ansible_navigator.main' pytest==9.0.3 /usr/local/python-packages/ansible-dev-tools/lib/python3.13/site-packages/pytest/__init__.py
2026-04-30T16:25:57.982933+00:00 DEBUG 'ansible_navigator.main' python-daemon==3.1.2 
2026-04-30T16:25:57.982940+00:00 DEBUG 'ansible_navigator.main' python-discovery==1.2.2 
2026-04-30T16:25:57.982947+00:00 DEBUG 'ansible_navigator.main' python-gnupg==0.5.6 
2026-04-30T16:25:57.982953+00:00 DEBUG 'ansible_navigator.main' pytokens==0.4.1 /usr/local/python-packages/ansible-dev-tools/lib/python3.13/site-packages/pytokens/__init__.cpython-313-x86_64-linux-gnu.so
2026-04-30T16:25:57.982961+00:00 DEBUG 'ansible_navigator.main' referencing==0.37.0 /usr/local/python-packages/ansible-dev-tools/lib/python3.13/site-packages/referencing/__init__.py
2026-04-30T16:25:57.982967+00:00 DEBUG 'ansible_navigator.main' resolvelib==1.2.1 /usr/local/python-packages/ansible-dev-tools/lib/python3.13/site-packages/resolvelib/__init__.py
2026-04-30T16:25:57.982974+00:00 DEBUG 'ansible_navigator.main' rich==15.0.0 /usr/local/python-packages/ansible-dev-tools/lib/python3.13/site-packages/rich/__init__.py
2026-04-30T16:25:57.982980+00:00 DEBUG 'ansible_navigator.main' rpds-py==0.30.0 
2026-04-30T16:25:57.982986+00:00 DEBUG 'ansible_navigator.main' ruamel.yaml.clib==0.2.15 
2026-04-30T16:25:57.982993+00:00 DEBUG 'ansible_navigator.main' ruamel.yaml==0.19.1 /usr/local/python-packages/ansible-dev-tools/lib/python3.13/site-packages/ruamel/yaml/__init__.py
2026-04-30T16:25:57.982999+00:00 DEBUG 'ansible_navigator.main' setuptools==82.0.1 /usr/local/python-packages/ansible-dev-tools/lib/python3.13/site-packages/setuptools/__init__.py
2026-04-30T16:25:57.983005+00:00 DEBUG 'ansible_navigator.main' subprocess-tee==0.4.2 
2026-04-30T16:25:57.983011+00:00 DEBUG 'ansible_navigator.main' termcolor==3.3.0 /usr/local/python-packages/ansible-dev-tools/lib/python3.13/site-packages/termcolor/__init__.py
2026-04-30T16:25:57.983017+00:00 DEBUG 'ansible_navigator.main' tomli_w==1.2.0 /usr/local/python-packages/ansible-dev-tools/lib/python3.13/site-packages/tomli_w/__init__.py
2026-04-30T16:25:57.983024+00:00 DEBUG 'ansible_navigator.main' tox-ansible==26.3.0 
2026-04-30T16:25:57.983030+00:00 DEBUG 'ansible_navigator.main' tox==4.53.0 /usr/local/python-packages/ansible-dev-tools/lib/python3.13/site-packages/tox/__init__.py
2026-04-30T16:25:57.983036+00:00 DEBUG 'ansible_navigator.main' typing_extensions==4.15.0 /usr/local/python-packages/ansible-dev-tools/lib/python3.13/site-packages/typing_extensions.py
2026-04-30T16:25:57.983042+00:00 DEBUG 'ansible_navigator.main' tzdata==2026.2 /usr/local/python-packages/ansible-dev-tools/lib/python3.13/site-packages/tzdata/__init__.py
2026-04-30T16:25:57.983049+00:00 DEBUG 'ansible_navigator.main' virtualenv==21.3.0 /usr/local/python-packages/ansible-dev-tools/lib/python3.13/site-packages/virtualenv/__init__.py
2026-04-30T16:25:57.983055+00:00 DEBUG 'ansible_navigator.main' wcmatch==10.1 /usr/local/python-packages/ansible-dev-tools/lib/python3.13/site-packages/wcmatch/__init__.py
2026-04-30T16:25:57.983061+00:00 DEBUG 'ansible_navigator.main' yamllint==1.38.0 /usr/local/python-packages/ansible-dev-tools/lib/python3.13/site-packages/yamllint/__init__.py
2026-04-30T16:25:57.983068+00:00 DEBUG 'ansible_navigator.main' Default collection_doc_cache_path set to: /home/aaron/.cache/ansible-navigator/collection_doc_cache.db
2026-04-30T16:25:57.983074+00:00 DEBUG 'ansible_navigator.main' EDITOR environment variable not set
2026-04-30T16:25:57.983080+00:00 DEBUG 'ansible_navigator.main' Default editor_command set to: vi +{line_number} {filename}
2026-04-30T16:25:57.983087+00:00 DEBUG 'ansible_navigator.main' No config file set by ANSIBLE_NAVIGATOR_CONFIG
2026-04-30T16:25:57.983093+00:00 DEBUG 'ansible_navigator.main' Looking in /home/aaron/.ansible-navigator
2026-04-30T16:25:57.983099+00:00 DEBUG 'ansible_navigator.main' Looking for '/home/aaron/.ansible-navigator.yml', '/home/aaron/.ansible-navigator.yaml' and '/home/aaron/.ansible-navigator.json'
2026-04-30T16:25:57.983105+00:00 DEBUG 'ansible_navigator.main' Found 0: 
2026-04-30T16:25:57.983111+00:00 DEBUG 'ansible_navigator.main' Looking in /home/aaron/control-center/dev/ansible-environment/ansible-navigator
2026-04-30T16:25:57.983118+00:00 DEBUG 'ansible_navigator.main' Looking for '/home/aaron/control-center/dev/ansible-environment/ansible-navigator.yml', '/home/aaron/control-center/dev/ansible-environment/ansible-navigator.yaml' and '/home/aaron/control-center/dev/ansible-environment/ansible-navigator.json'
2026-04-30T16:25:57.983139+00:00 DEBUG 'ansible_navigator.main' Found 0: 
2026-04-30T16:25:57.983147+00:00 DEBUG 'ansible_navigator.main' All found 0: 
2026-04-30T16:25:57.983153+00:00 DEBUG 'ansible_navigator.main' Using: None
2026-04-30T16:25:57.983159+00:00 DEBUG 'ansible_navigator.main' No valid settings file found, using all default values for settings.
2026-04-30T16:25:57.983166+00:00 DEBUG 'ansible_navigator.main' Command provided: 'collections'
2026-04-30T16:25:57.983172+00:00 DEBUG 'ansible_navigator.main' EE support enabled: using current working directory for 'ansible.cfg'
2026-04-30T16:25:57.983178+00:00 INFO 'ansible_navigator.main' EE support enabled: found 'ansible.cfg' in current working directory.
2026-04-30T16:25:57.983184+00:00 DEBUG 'ansible_navigator.main' Completed post processing for ansible_runner_artifact_dir. (changed=False)
2026-04-30T16:25:57.983191+00:00 DEBUG 'ansible_navigator.main' Completed post processing for ansible_runner_rotate_artifacts_count. (changed=False)
2026-04-30T16:25:57.983197+00:00 DEBUG 'ansible_navigator.main' Completed post processing for ansible_runner_timeout. (changed=False)
2026-04-30T16:25:57.983203+00:00 DEBUG 'ansible_navigator.main' Completed post processing for cmdline. (changed=False)
2026-04-30T16:25:57.983210+00:00 DEBUG 'ansible_navigator.main' Completed post processing for collection_doc_cache_path. (changed=False)
2026-04-30T16:25:57.983216+00:00 DEBUG 'ansible_navigator.main' Completed post processing for config. (changed=False)
2026-04-30T16:25:57.983222+00:00 DEBUG 'ansible_navigator.main' Completed post processing for config. (changed=False)
2026-04-30T16:25:57.983228+00:00 DEBUG 'ansible_navigator.main' Completed post processing for container_engine. (changed=False)
2026-04-30T16:25:57.983234+00:00 DEBUG 'ansible_navigator.main' Completed post processing for container_options. (changed=False)
2026-04-30T16:25:57.983240+00:00 DEBUG 'ansible_navigator.main' Completed post processing for display_color. (changed=False)
2026-04-30T16:25:57.983247+00:00 DEBUG 'ansible_navigator.main' Completed post processing for enable_prompts. (changed=False)
2026-04-30T16:25:57.983253+00:00 DEBUG 'ansible_navigator.main' Completed post processing for execution_environment. (changed=False)
2026-04-30T16:25:57.983260+00:00 DEBUG 'ansible_navigator.main' Completed post processing for execution_environment_image. (changed=False)
2026-04-30T16:25:57.983266+00:00 DEBUG 'ansible_navigator.main' Completed post processing for help_builder. (changed=False)
2026-04-30T16:25:57.983272+00:00 DEBUG 'ansible_navigator.main' Completed post processing for help_config. (changed=False)
2026-04-30T16:25:57.983279+00:00 DEBUG 'ansible_navigator.main' Completed post processing for help_doc. (changed=False)
2026-04-30T16:25:57.983285+00:00 DEBUG 'ansible_navigator.main' Completed post processing for help_inventory. (changed=False)
2026-04-30T16:25:57.983291+00:00 DEBUG 'ansible_navigator.main' Completed post processing for help_playbook. (changed=False)
2026-04-30T16:25:57.983297+00:00 DEBUG 'ansible_navigator.main' Completed post processing for images_details. (changed=False)
2026-04-30T16:25:57.983304+00:00 DEBUG 'ansible_navigator.main' Completed post processing for inventory. (changed=True)
2026-04-30T16:25:57.983310+00:00 DEBUG 'ansible_navigator.main'  before: 'Not set'
2026-04-30T16:25:57.983316+00:00 DEBUG 'ansible_navigator.main'  after: '['/home/aaron/control-center/dev/ansible-environment/bin/inventory']'
2026-04-30T16:25:57.983322+00:00 DEBUG 'ansible_navigator.main' Completed post processing for inventory_column. (changed=False)
2026-04-30T16:25:57.983329+00:00 DEBUG 'ansible_navigator.main' Completed post processing for log_file. (changed=False)
2026-04-30T16:25:57.983335+00:00 DEBUG 'ansible_navigator.main' Completed post processing for pass_environment_variable. (changed=False)
2026-04-30T16:25:57.983341+00:00 DEBUG 'ansible_navigator.main' Completed post processing for playbook. (changed=False)
2026-04-30T16:25:57.983347+00:00 DEBUG 'ansible_navigator.main' Completed post processing for playbook_artifact_replay. (changed=False)
2026-04-30T16:25:57.983355+00:00 DEBUG 'ansible_navigator.main' Completed post processing for playbook_artifact_save_as. (changed=False)
2026-04-30T16:25:57.983362+00:00 DEBUG 'ansible_navigator.main' Completed post processing for plugin_name. (changed=False)
2026-04-30T16:25:57.983368+00:00 DEBUG 'ansible_navigator.main' Completed post processing for pull_arguments. (changed=False)
2026-04-30T16:25:57.983374+00:00 DEBUG 'ansible_navigator.main' Completed post processing for set_environment_variable. (changed=False)
2026-04-30T16:25:57.983381+00:00 DEBUG 'ansible_navigator.main' Completed post processing for settings_effective. (changed=False)
2026-04-30T16:25:57.983387+00:00 DEBUG 'ansible_navigator.main' Completed post processing for settings_sample. (changed=False)
2026-04-30T16:25:57.983393+00:00 DEBUG 'ansible_navigator.main' Completed post processing for settings_schema. (changed=False)
2026-04-30T16:25:57.983399+00:00 DEBUG 'ansible_navigator.main' Completed post processing for settings_sources. (changed=False)
2026-04-30T16:25:57.983406+00:00 DEBUG 'ansible_navigator.main' Completed post processing for time_zone. (changed=False)
2026-04-30T16:25:57.983412+00:00 DEBUG 'ansible_navigator.main' Completed post processing for execution_environment_volume_mounts. (changed=False)
2026-04-30T16:25:57.983418+00:00 DEBUG 'ansible_navigator.main' Completed post processing for mode. (changed=False)
2026-04-30T16:25:57.983424+00:00 DEBUG 'ansible_navigator.main' Completed post processing for playbook_artifact_enable. (changed=False)
2026-04-30T16:25:57.983432+00:00 WARNING 'ansible_navigator.main' Configuration errors encountered, rolling back to previous configuration.
2026-04-30T16:25:57.983439+00:00 DEBUG 'ansible_navigator.main' Prior to rollback: ansible_runner_artifact_dir = 'Not set' (Constants/Not set)
2026-04-30T16:25:57.983445+00:00 DEBUG 'ansible_navigator.main' Prior to rollback: ansible_runner_rotate_artifacts_count = 'Not set' (Constants/Not set)
2026-04-30T16:25:57.983452+00:00 DEBUG 'ansible_navigator.main' Prior to rollback: ansible_runner_timeout = 'Not set' (Constants/Not set)
2026-04-30T16:25:57.983458+00:00 DEBUG 'ansible_navigator.main' Prior to rollback: ansible_runner_write_job_events = 'False' (bool/Defaults)
2026-04-30T16:25:57.983464+00:00 DEBUG 'ansible_navigator.main' Prior to rollback: app = 'collections' (str/Command line)
2026-04-30T16:25:57.983470+00:00 DEBUG 'ansible_navigator.main' Prior to rollback: cmdline = 'Not set' (Constants/Not set)
2026-04-30T16:25:57.983476+00:00 DEBUG 'ansible_navigator.main' Prior to rollback: collection_doc_cache_path = '/home/aaron/.cache/ansible-navigator/collection_doc_cache.db' (str/Defaults)
2026-04-30T16:25:57.983482+00:00 DEBUG 'ansible_navigator.main' Prior to rollback: config = 'Not set' (Constants/Not set)
2026-04-30T16:25:57.983489+00:00 DEBUG 'ansible_navigator.main' Prior to rollback: container_engine = 'auto' (str/Defaults)
2026-04-30T16:25:57.983495+00:00 DEBUG 'ansible_navigator.main' Prior to rollback: container_options = 'Not set' (Constants/Not set)
2026-04-30T16:25:57.983501+00:00 DEBUG 'ansible_navigator.main' Prior to rollback: display_color = 'True' (bool/Defaults)
2026-04-30T16:25:57.983507+00:00 DEBUG 'ansible_navigator.main' Prior to rollback: editor_command = 'vi +{line_number} {filename}' (str/Defaults)
2026-04-30T16:25:57.983514+00:00 DEBUG 'ansible_navigator.main' Prior to rollback: editor_console = 'True' (bool/Defaults)
2026-04-30T16:25:57.983520+00:00 DEBUG 'ansible_navigator.main' Prior to rollback: enable_prompts = 'False' (bool/Defaults)
2026-04-30T16:25:57.983526+00:00 DEBUG 'ansible_navigator.main' Prior to rollback: exec_command = '/bin/bash' (str/Defaults)
2026-04-30T16:25:57.983532+00:00 DEBUG 'ansible_navigator.main' Prior to rollback: exec_shell = 'True' (bool/Defaults)
2026-04-30T16:25:57.983538+00:00 DEBUG 'ansible_navigator.main' Prior to rollback: execution_environment = 'True' (bool/Defaults)
2026-04-30T16:25:57.983545+00:00 DEBUG 'ansible_navigator.main' Prior to rollback: execution_environment_image = 'ghcr.io/ansible/community-ansible-dev-tools:latest' (str/Defaults)
2026-04-30T16:25:57.983552+00:00 DEBUG 'ansible_navigator.main' Prior to rollback: execution_environment_volume_mounts = 'Not set' (Constants/Not set)
2026-04-30T16:25:57.983558+00:00 DEBUG 'ansible_navigator.main' Prior to rollback: format = 'yaml' (str/Defaults)
2026-04-30T16:25:57.983565+00:00 DEBUG 'ansible_navigator.main' Prior to rollback: help_builder = 'False' (bool/Defaults)
2026-04-30T16:25:57.983571+00:00 DEBUG 'ansible_navigator.main' Prior to rollback: help_config = 'False' (bool/Defaults)
2026-04-30T16:25:57.983577+00:00 DEBUG 'ansible_navigator.main' Prior to rollback: help_doc = 'False' (bool/Defaults)
2026-04-30T16:25:57.983583+00:00 DEBUG 'ansible_navigator.main' Prior to rollback: help_inventory = 'False' (bool/Defaults)
2026-04-30T16:25:57.983589+00:00 DEBUG 'ansible_navigator.main' Prior to rollback: help_playbook = 'False' (bool/Defaults)
2026-04-30T16:25:57.983596+00:00 DEBUG 'ansible_navigator.main' Prior to rollback: images_details = '['everything']' (list/Defaults)
2026-04-30T16:25:57.983603+00:00 DEBUG 'ansible_navigator.main' Prior to rollback: inventory = '['/home/aaron/control-center/dev/ansible-environment/bin/inventory']' (list/Ansible configuration file)
2026-04-30T16:25:57.983609+00:00 DEBUG 'ansible_navigator.main' Prior to rollback: inventory_column = 'Not set' (Constants/Not set)
2026-04-30T16:25:57.983615+00:00 DEBUG 'ansible_navigator.main' Prior to rollback: lint_config = 'Not set' (Constants/Not set)
2026-04-30T16:25:57.983621+00:00 DEBUG 'ansible_navigator.main' Prior to rollback: lintables = 'Not set' (Constants/Not set)
2026-04-30T16:25:57.983628+00:00 DEBUG 'ansible_navigator.main' Prior to rollback: log_append = 'True' (bool/Defaults)
2026-04-30T16:25:57.983634+00:00 DEBUG 'ansible_navigator.main' Prior to rollback: log_file = '/home/aaron/control-center/dev/ansible-environment/ansible-navigator.log' (str/Defaults)
2026-04-30T16:25:57.983640+00:00 DEBUG 'ansible_navigator.main' Prior to rollback: log_level = 'warning' (str/Defaults)
2026-04-30T16:25:57.983646+00:00 DEBUG 'ansible_navigator.main' Prior to rollback: mode = 'interactive' (str/Defaults)
2026-04-30T16:25:57.983653+00:00 DEBUG 'ansible_navigator.main' Prior to rollback: osc4 = 'True' (bool/Defaults)
2026-04-30T16:25:57.983659+00:00 DEBUG 'ansible_navigator.main' Prior to rollback: pass_environment_variable = 'Not set' (Constants/Not set)
2026-04-30T16:25:57.983665+00:00 DEBUG 'ansible_navigator.main' Prior to rollback: playbook = 'Not set' (Constants/Not set)
2026-04-30T16:25:57.983671+00:00 DEBUG 'ansible_navigator.main' Prior to rollback: playbook_artifact_enable = 'True' (bool/Defaults)
2026-04-30T16:25:57.983677+00:00 DEBUG 'ansible_navigator.main' Prior to rollback: playbook_artifact_replay = 'Not set' (Constants/Not set)
2026-04-30T16:25:57.983684+00:00 DEBUG 'ansible_navigator.main' Prior to rollback: playbook_artifact_save_as = '{playbook_dir}/{playbook_name}-artifact-{time_stamp}.json' (str/Defaults)
2026-04-30T16:25:57.983690+00:00 DEBUG 'ansible_navigator.main' Prior to rollback: plugin_name = 'Not set' (Constants/Not set)
2026-04-30T16:25:57.983696+00:00 DEBUG 'ansible_navigator.main' Prior to rollback: plugin_type = 'module' (str/Defaults)
2026-04-30T16:25:57.983702+00:00 DEBUG 'ansible_navigator.main' Prior to rollback: pull_arguments = 'Not set' (Constants/Not set)
2026-04-30T16:25:57.983709+00:00 DEBUG 'ansible_navigator.main' Prior to rollback: pull_policy = 'tag' (str/Defaults)
2026-04-30T16:25:57.983715+00:00 DEBUG 'ansible_navigator.main' Prior to rollback: set_environment_variable = 'Not set' (Constants/Not set)
2026-04-30T16:25:57.983721+00:00 DEBUG 'ansible_navigator.main' Prior to rollback: settings_effective = 'False' (bool/Defaults)
2026-04-30T16:25:57.983727+00:00 DEBUG 'ansible_navigator.main' Prior to rollback: settings_sample = 'False' (bool/Defaults)
2026-04-30T16:25:57.983733+00:00 DEBUG 'ansible_navigator.main' Prior to rollback: settings_schema = 'json' (str/Defaults)
2026-04-30T16:25:57.983739+00:00 DEBUG 'ansible_navigator.main' Prior to rollback: settings_sources = 'False' (bool/Defaults)
2026-04-30T16:25:57.983747+00:00 DEBUG 'ansible_navigator.main' Prior to rollback: time_zone = 'UTC' (str/Defaults)
2026-04-30T16:25:57.983753+00:00 DEBUG 'ansible_navigator.main' Prior to rollback: workdir = '/home/aaron/control-center/dev/ansible-environment' (str/Defaults)
2026-04-30T16:25:57.983759+00:00 DEBUG 'ansible_navigator.main' After rollback: ansible_runner_artifact_dir = 'Not set' (Constants/Not set)
2026-04-30T16:25:57.983766+00:00 DEBUG 'ansible_navigator.main' After rollback: ansible_runner_rotate_artifacts_count = 'Not set' (Constants/Not set)
2026-04-30T16:25:57.983772+00:00 DEBUG 'ansible_navigator.main' After rollback: ansible_runner_timeout = 'Not set' (Constants/Not set)
2026-04-30T16:25:57.983778+00:00 DEBUG 'ansible_navigator.main' After rollback: ansible_runner_write_job_events = 'Not set' (Constants/Not set)
2026-04-30T16:25:57.983784+00:00 DEBUG 'ansible_navigator.main' After rollback: app = 'Not set' (Constants/Not set)
2026-04-30T16:25:57.983790+00:00 DEBUG 'ansible_navigator.main' After rollback: cmdline = 'Not set' (Constants/Not set)
2026-04-30T16:25:57.983797+00:00 DEBUG 'ansible_navigator.main' After rollback: collection_doc_cache_path = 'Not set' (Constants/Not set)
2026-04-30T16:25:57.983803+00:00 DEBUG 'ansible_navigator.main' After rollback: config = 'Not set' (Constants/Not set)
2026-04-30T16:25:57.983809+00:00 DEBUG 'ansible_navigator.main' After rollback: container_engine = 'Not set' (Constants/Not set)
2026-04-30T16:25:57.983815+00:00 DEBUG 'ansible_navigator.main' After rollback: container_options = 'Not set' (Constants/Not set)
2026-04-30T16:25:57.983821+00:00 DEBUG 'ansible_navigator.main' After rollback: display_color = 'Not set' (Constants/Not set)
2026-04-30T16:25:57.983827+00:00 DEBUG 'ansible_navigator.main' After rollback: editor_command = 'Not set' (Constants/Not set)
2026-04-30T16:25:57.983834+00:00 DEBUG 'ansible_navigator.main' After rollback: editor_console = 'Not set' (Constants/Not set)
2026-04-30T16:25:57.983840+00:00 DEBUG 'ansible_navigator.main' After rollback: enable_prompts = 'Not set' (Constants/Not set)
2026-04-30T16:25:57.983846+00:00 DEBUG 'ansible_navigator.main' After rollback: exec_command = 'Not set' (Constants/Not set)
2026-04-30T16:25:57.983852+00:00 DEBUG 'ansible_navigator.main' After rollback: exec_shell = 'Not set' (Constants/Not set)
2026-04-30T16:25:57.983858+00:00 DEBUG 'ansible_navigator.main' After rollback: execution_environment = 'Not set' (Constants/Not set)
2026-04-30T16:25:57.983864+00:00 DEBUG 'ansible_navigator.main' After rollback: execution_environment_image = 'Not set' (Constants/Not set)
2026-04-30T16:25:57.983871+00:00 DEBUG 'ansible_navigator.main' After rollback: execution_environment_volume_mounts = 'Not set' (Constants/Not set)
2026-04-30T16:25:57.983877+00:00 DEBUG 'ansible_navigator.main' After rollback: format = 'Not set' (Constants/Not set)
2026-04-30T16:25:57.983883+00:00 DEBUG 'ansible_navigator.main' After rollback: help_builder = 'Not set' (Constants/Not set)
2026-04-30T16:25:57.983889+00:00 DEBUG 'ansible_navigator.main' After rollback: help_config = 'Not set' (Constants/Not set)
2026-04-30T16:25:57.983895+00:00 DEBUG 'ansible_navigator.main' After rollback: help_doc = 'Not set' (Constants/Not set)
2026-04-30T16:25:57.983901+00:00 DEBUG 'ansible_navigator.main' After rollback: help_inventory = 'Not set' (Constants/Not set)
2026-04-30T16:25:57.983908+00:00 DEBUG 'ansible_navigator.main' After rollback: help_playbook = 'Not set' (Constants/Not set)
2026-04-30T16:25:57.983913+00:00 DEBUG 'ansible_navigator.main' After rollback: images_details = 'Not set' (Constants/Not set)
2026-04-30T16:25:57.983920+00:00 DEBUG 'ansible_navigator.main' After rollback: inventory = 'Not set' (Constants/Not set)
2026-04-30T16:25:57.983926+00:00 DEBUG 'ansible_navigator.main' After rollback: inventory_column = 'Not set' (Constants/Not set)
2026-04-30T16:25:57.983932+00:00 DEBUG 'ansible_navigator.main' After rollback: lint_config = 'Not set' (Constants/Not set)
2026-04-30T16:25:57.983940+00:00 DEBUG 'ansible_navigator.main' After rollback: lintables = 'Not set' (Constants/Not set)
2026-04-30T16:25:57.983946+00:00 DEBUG 'ansible_navigator.main' After rollback: log_append = 'Not set' (Constants/Not set)
2026-04-30T16:25:57.983952+00:00 DEBUG 'ansible_navigator.main' After rollback: log_file = 'Not set' (Constants/Not set)
2026-04-30T16:25:57.983958+00:00 DEBUG 'ansible_navigator.main' After rollback: log_level = 'Not set' (Constants/Not set)
2026-04-30T16:25:57.983964+00:00 DEBUG 'ansible_navigator.main' After rollback: mode = 'Not set' (Constants/Not set)
2026-04-30T16:25:57.983971+00:00 DEBUG 'ansible_navigator.main' After rollback: osc4 = 'Not set' (Constants/Not set)
2026-04-30T16:25:57.983977+00:00 DEBUG 'ansible_navigator.main' After rollback: pass_environment_variable = 'Not set' (Constants/Not set)
2026-04-30T16:25:57.983983+00:00 DEBUG 'ansible_navigator.main' After rollback: playbook = 'Not set' (Constants/Not set)
2026-04-30T16:25:57.983989+00:00 DEBUG 'ansible_navigator.main' After rollback: playbook_artifact_enable = 'Not set' (Constants/Not set)
2026-04-30T16:25:57.983996+00:00 DEBUG 'ansible_navigator.main' After rollback: playbook_artifact_replay = 'Not set' (Constants/Not set)
2026-04-30T16:25:57.984002+00:00 DEBUG 'ansible_navigator.main' After rollback: playbook_artifact_save_as = 'Not set' (Constants/Not set)
2026-04-30T16:25:57.984008+00:00 DEBUG 'ansible_navigator.main' After rollback: plugin_name = 'Not set' (Constants/Not set)
2026-04-30T16:25:57.984014+00:00 DEBUG 'ansible_navigator.main' After rollback: plugin_type = 'Not set' (Constants/Not set)
2026-04-30T16:25:57.984020+00:00 DEBUG 'ansible_navigator.main' After rollback: pull_arguments = 'Not set' (Constants/Not set)
2026-04-30T16:25:57.984027+00:00 DEBUG 'ansible_navigator.main' After rollback: pull_policy = 'Not set' (Constants/Not set)
2026-04-30T16:25:57.984034+00:00 DEBUG 'ansible_navigator.main' After rollback: set_environment_variable = 'Not set' (Constants/Not set)
2026-04-30T16:25:57.984040+00:00 DEBUG 'ansible_navigator.main' After rollback: settings_effective = 'Not set' (Constants/Not set)
2026-04-30T16:25:57.984046+00:00 DEBUG 'ansible_navigator.main' After rollback: settings_sample = 'Not set' (Constants/Not set)
2026-04-30T16:25:57.984052+00:00 DEBUG 'ansible_navigator.main' After rollback: settings_schema = 'Not set' (Constants/Not set)
2026-04-30T16:25:57.984058+00:00 DEBUG 'ansible_navigator.main' After rollback: settings_sources = 'Not set' (Constants/Not set)
2026-04-30T16:25:57.984065+00:00 DEBUG 'ansible_navigator.main' After rollback: time_zone = 'Not set' (Constants/Not set)
2026-04-30T16:25:57.984071+00:00 DEBUG 'ansible_navigator.main' After rollback: workdir = 'Not set' (Constants/Not set)
2026-04-30T16:25:57.984077+00:00 DEBUG 'ansible_navigator.main' Configuration rollback complete.
2026-04-30T16:25:57.984083+00:00 DEBUG 'ansible_navigator.main' Collection doc cache not mounted
2026-04-30T16:25:57.984094+00:00 WARNING 'ansible_navigator.main' Issues were found while applying the settings.
2026-04-30T16:25:57.984103+00:00 INFO 'ansible_navigator.main' Command provided: 'collections'
2026-04-30T16:25:57.984112+00:00 ERROR 'ansible_navigator.main' No container engine could be found: 'auto', set by 'Defaults'
2026-04-30T16:25:57.984120+00:00 INFO 'ansible_navigator.main' Try installing 'podman' or 'docker'
2026-04-30T16:25:57.984127+00:00 INFO 'ansible_navigator.main' Configuration failed, using default log file location. (/home/aaron/control-center/dev/ansible-environment/ansible-navigator.log) Log level set to debug
2026-04-30T16:25:57.984134+00:00 INFO 'ansible_navigator.main' Review the hints and log file to see what went wrong.
2026-04-30T16:27:26.401101+00:00 WARNING 'ansible_navigator.image_manager.puller._log_message' Image inspection failed, image assumed to be corrupted or missing
2026-04-30T16:27:26.401304+00:00 WARNING 'ansible_navigator.image_manager.puller._log_message' stdout: []

2026-04-30T16:27:26.401351+00:00 WARNING 'ansible_navigator.image_manager.puller._log_message' stderr: Cannot connect to the Docker daemon at unix:///var/run/docker.sock. Is the docker daemon running?

2026-04-30T16:27:26.425619+00:00 ERROR 'ansible_navigator.image_manager.puller._log_message' Execution environment pull failed
2026-04-30T16:27:26.425750+00:00 ERROR 'ansible_navigator.image_manager.puller._log_message' Cannot connect to the Docker daemon at unix:///var/run/docker.sock. Is the docker daemon running?
